=== start (60x12)
 ~
  Filter: type to filter, or a path: / ~ ../
                     ..
>         2026-01-02 projects/
     300B 2026-01-02 notes.md
     52kB 2026-01-02 photo.png
    1.2kB 2026-01-02 readme.md




 2/5 · list

=== in-projects (60x12)
 ~ › projects
  Filter: type to filter, or a path: / ~ ../
                     ..
>         2026-01-02 gloss/
          2026-01-02 tiny/






 2/3 · list

